Archive member included to satisfy reference by file (symbol)

/media/ca850f52-0605-42a7-9fd4-899de9edf461/work/GNU_LANG/ft32-elf/lib/libc.a(lib_a-puts.o)
                              hello.o (puts)
/media/ca850f52-0605-42a7-9fd4-899de9edf461/work/GNU_LANG/ft32-elf/lib/libc.a(lib_a-strlen.o)
                              /media/ca850f52-0605-42a7-9fd4-899de9edf461/work/GNU_LANG/ft32-elf/lib/libc.a(lib_a-puts.o) (strlen)
/media/ca850f52-0605-42a7-9fd4-899de9edf461/work/GNU_LANG/ft32-elf/lib/libc.a(lib_a-findfp.o)
                              /media/ca850f52-0605-42a7-9fd4-899de9edf461/work/GNU_LANG/ft32-elf/lib/libc.a(lib_a-puts.o) (__sinit)
/media/ca850f52-0605-42a7-9fd4-899de9edf461/work/GNU_LANG/ft32-elf/lib/libc.a(lib_a-fvwrite.o)
                              /media/ca850f52-0605-42a7-9fd4-899de9edf461/work/GNU_LANG/ft32-elf/lib/libc.a(lib_a-puts.o) (__sfvwrite_r)
/media/ca850f52-0605-42a7-9fd4-899de9edf461/work/GNU_LANG/ft32-elf/lib/libc.a(lib_a-fwalk.o)
                              /media/ca850f52-0605-42a7-9fd4-899de9edf461/work/GNU_LANG/ft32-elf/lib/libc.a(lib_a-findfp.o) (_fwalk)
/media/ca850f52-0605-42a7-9fd4-899de9edf461/work/GNU_LANG/ft32-elf/lib/libc.a(lib_a-impure.o)
                              /media/ca850f52-0605-42a7-9fd4-899de9edf461/work/GNU_LANG/ft32-elf/lib/libc.a(lib_a-puts.o) (_impure_ptr)
/media/ca850f52-0605-42a7-9fd4-899de9edf461/work/GNU_LANG/ft32-elf/lib/libc.a(lib_a-mallocr.o)
                              /media/ca850f52-0605-42a7-9fd4-899de9edf461/work/GNU_LANG/ft32-elf/lib/libc.a(lib_a-findfp.o) (_malloc_r)
/media/ca850f52-0605-42a7-9fd4-899de9edf461/work/GNU_LANG/ft32-elf/lib/libc.a(lib_a-memchr.o)
                              /media/ca850f52-0605-42a7-9fd4-899de9edf461/work/GNU_LANG/ft32-elf/lib/libc.a(lib_a-fvwrite.o) (memchr)
/media/ca850f52-0605-42a7-9fd4-899de9edf461/work/GNU_LANG/ft32-elf/lib/libc.a(lib_a-memcpy.o)
                              /media/ca850f52-0605-42a7-9fd4-899de9edf461/work/GNU_LANG/ft32-elf/lib/libc.a(lib_a-fvwrite.o) (memcpy)
/media/ca850f52-0605-42a7-9fd4-899de9edf461/work/GNU_LANG/ft32-elf/lib/libc.a(lib_a-memmove.o)
                              /media/ca850f52-0605-42a7-9fd4-899de9edf461/work/GNU_LANG/ft32-elf/lib/libc.a(lib_a-fvwrite.o) (memmove)
/media/ca850f52-0605-42a7-9fd4-899de9edf461/work/GNU_LANG/ft32-elf/lib/libc.a(lib_a-memset.o)
                              /media/ca850f52-0605-42a7-9fd4-899de9edf461/work/GNU_LANG/ft32-elf/lib/libc.a(lib_a-findfp.o) (memset)
/media/ca850f52-0605-42a7-9fd4-899de9edf461/work/GNU_LANG/ft32-elf/lib/libc.a(lib_a-mlock.o)
                              /media/ca850f52-0605-42a7-9fd4-899de9edf461/work/GNU_LANG/ft32-elf/lib/libc.a(lib_a-mallocr.o) (__malloc_lock)
/media/ca850f52-0605-42a7-9fd4-899de9edf461/work/GNU_LANG/ft32-elf/lib/libc.a(lib_a-reallocr.o)
                              /media/ca850f52-0605-42a7-9fd4-899de9edf461/work/GNU_LANG/ft32-elf/lib/libc.a(lib_a-fvwrite.o) (_realloc_r)
/media/ca850f52-0605-42a7-9fd4-899de9edf461/work/GNU_LANG/ft32-elf/lib/libc.a(lib_a-sbrkr.o)
                              /media/ca850f52-0605-42a7-9fd4-899de9edf461/work/GNU_LANG/ft32-elf/lib/libc.a(lib_a-mallocr.o) (_sbrk_r)
/media/ca850f52-0605-42a7-9fd4-899de9edf461/work/GNU_LANG/ft32-elf/lib/libc.a(lib_a-stdio.o)
                              /media/ca850f52-0605-42a7-9fd4-899de9edf461/work/GNU_LANG/ft32-elf/lib/libc.a(lib_a-findfp.o) (__sread)
/media/ca850f52-0605-42a7-9fd4-899de9edf461/work/GNU_LANG/ft32-elf/lib/libc.a(lib_a-writer.o)
                              /media/ca850f52-0605-42a7-9fd4-899de9edf461/work/GNU_LANG/ft32-elf/lib/libc.a(lib_a-stdio.o) (_write_r)
/media/ca850f52-0605-42a7-9fd4-899de9edf461/work/GNU_LANG/ft32-elf/lib/libc.a(lib_a-wsetup.o)
                              /media/ca850f52-0605-42a7-9fd4-899de9edf461/work/GNU_LANG/ft32-elf/lib/libc.a(lib_a-fvwrite.o) (__swsetup_r)
/media/ca850f52-0605-42a7-9fd4-899de9edf461/work/GNU_LANG/ft32-elf/lib/libc.a(lib_a-closer.o)
                              /media/ca850f52-0605-42a7-9fd4-899de9edf461/work/GNU_LANG/ft32-elf/lib/libc.a(lib_a-stdio.o) (_close_r)
/media/ca850f52-0605-42a7-9fd4-899de9edf461/work/GNU_LANG/ft32-elf/lib/libc.a(lib_a-fclose.o)
                              /media/ca850f52-0605-42a7-9fd4-899de9edf461/work/GNU_LANG/ft32-elf/lib/libc.a(lib_a-findfp.o) (_fclose_r)
/media/ca850f52-0605-42a7-9fd4-899de9edf461/work/GNU_LANG/ft32-elf/lib/libc.a(lib_a-fflush.o)
                              /media/ca850f52-0605-42a7-9fd4-899de9edf461/work/GNU_LANG/ft32-elf/lib/libc.a(lib_a-fclose.o) (__sflush_r)
/media/ca850f52-0605-42a7-9fd4-899de9edf461/work/GNU_LANG/ft32-elf/lib/libc.a(lib_a-freer.o)
                              /media/ca850f52-0605-42a7-9fd4-899de9edf461/work/GNU_LANG/ft32-elf/lib/libc.a(lib_a-fvwrite.o) (_free_r)
/media/ca850f52-0605-42a7-9fd4-899de9edf461/work/GNU_LANG/ft32-elf/lib/libc.a(lib_a-lseekr.o)
                              /media/ca850f52-0605-42a7-9fd4-899de9edf461/work/GNU_LANG/ft32-elf/lib/libc.a(lib_a-stdio.o) (_lseek_r)
/media/ca850f52-0605-42a7-9fd4-899de9edf461/work/GNU_LANG/ft32-elf/lib/libc.a(lib_a-makebuf.o)
                              /media/ca850f52-0605-42a7-9fd4-899de9edf461/work/GNU_LANG/ft32-elf/lib/libc.a(lib_a-wsetup.o) (__smakebuf_r)
/media/ca850f52-0605-42a7-9fd4-899de9edf461/work/GNU_LANG/ft32-elf/lib/libc.a(lib_a-readr.o)
                              /media/ca850f52-0605-42a7-9fd4-899de9edf461/work/GNU_LANG/ft32-elf/lib/libc.a(lib_a-stdio.o) (_read_r)
/media/ca850f52-0605-42a7-9fd4-899de9edf461/work/GNU_LANG/ft32-elf/lib/libc.a(lib_a-reent.o)
                              /media/ca850f52-0605-42a7-9fd4-899de9edf461/work/GNU_LANG/ft32-elf/lib/libc.a(lib_a-sbrkr.o) (errno)
/media/ca850f52-0605-42a7-9fd4-899de9edf461/work/GNU_LANG/ft32-elf/lib/libc.a(lib_a-fstatr.o)
                              /media/ca850f52-0605-42a7-9fd4-899de9edf461/work/GNU_LANG/ft32-elf/lib/libc.a(lib_a-makebuf.o) (_fstat_r)
/media/ca850f52-0605-42a7-9fd4-899de9edf461/work/GNU_LANG/ft32-elf/lib/libc.a(lib_a-isattyr.o)
                              /media/ca850f52-0605-42a7-9fd4-899de9edf461/work/GNU_LANG/ft32-elf/lib/libc.a(lib_a-makebuf.o) (_isatty_r)
/media/ca850f52-0605-42a7-9fd4-899de9edf461/work/GNU_LANG/ft32-elf/lib/libsim.a(fstat.o)
                              /media/ca850f52-0605-42a7-9fd4-899de9edf461/work/GNU_LANG/ft32-elf/lib/libc.a(lib_a-fstatr.o) (_fstat)
/media/ca850f52-0605-42a7-9fd4-899de9edf461/work/GNU_LANG/ft32-elf/lib/libsim.a(isatty.o)
                              /media/ca850f52-0605-42a7-9fd4-899de9edf461/work/GNU_LANG/ft32-elf/lib/libc.a(lib_a-isattyr.o) (_isatty)
/media/ca850f52-0605-42a7-9fd4-899de9edf461/work/GNU_LANG/ft32-elf/lib/libsim.a(sbrk.o)
                              /media/ca850f52-0605-42a7-9fd4-899de9edf461/work/GNU_LANG/ft32-elf/lib/libc.a(lib_a-sbrkr.o) (_sbrk)
/media/ca850f52-0605-42a7-9fd4-899de9edf461/work/GNU_LANG/ft32-elf/lib/libsim.a(sim-close.o)
                              /media/ca850f52-0605-42a7-9fd4-899de9edf461/work/GNU_LANG/ft32-elf/lib/libc.a(lib_a-closer.o) (_close)
/media/ca850f52-0605-42a7-9fd4-899de9edf461/work/GNU_LANG/ft32-elf/lib/libsim.a(sim-lseek.o)
                              /media/ca850f52-0605-42a7-9fd4-899de9edf461/work/GNU_LANG/ft32-elf/lib/libc.a(lib_a-lseekr.o) (_lseek)
/media/ca850f52-0605-42a7-9fd4-899de9edf461/work/GNU_LANG/ft32-elf/lib/libsim.a(sim-read.o)
                              /media/ca850f52-0605-42a7-9fd4-899de9edf461/work/GNU_LANG/ft32-elf/lib/libc.a(lib_a-readr.o) (_read)
/media/ca850f52-0605-42a7-9fd4-899de9edf461/work/GNU_LANG/ft32-elf/lib/libsim.a(sim-write.o)
                              /media/ca850f52-0605-42a7-9fd4-899de9edf461/work/GNU_LANG/ft32-elf/lib/libc.a(lib_a-writer.o) (_write)
/media/ca850f52-0605-42a7-9fd4-899de9edf461/work/GNU_LANG/ft32-elf/lib/libg.a(lib_a-errno.o)
                              /media/ca850f52-0605-42a7-9fd4-899de9edf461/work/GNU_LANG/ft32-elf/lib/libsim.a(sbrk.o) (__errno)

Memory Configuration

Name             Origin             Length             Attributes
flash            0x00000000         0x00040000         xr
ram              0x00800000         0x00010000         rw !x
*default*        0x00000000         0xffffffff

Linker script and memory map

LOAD start.o
LOAD hello.o
LOAD /media/ca850f52-0605-42a7-9fd4-899de9edf461/work/GNU_LANG/lib/gcc/ft32-elf/10.2.0/libgcc.a
LOAD /media/ca850f52-0605-42a7-9fd4-899de9edf461/work/GNU_LANG/ft32-elf/lib/libc.a
LOAD /media/ca850f52-0605-42a7-9fd4-899de9edf461/work/GNU_LANG/ft32-elf/lib/libsim.a
LOAD /media/ca850f52-0605-42a7-9fd4-899de9edf461/work/GNU_LANG/ft32-elf/lib/libg.a

.text           0x00000000     0x4554
 .text          0x00000000       0x58 start.o
 .text          0x00000058       0x18 hello.o
                0x00000058                main
 .text          0x00000070      0x154 /media/ca850f52-0605-42a7-9fd4-899de9edf461/work/GNU_LANG/ft32-elf/lib/libc.a(lib_a-puts.o)
                0x00000070                _puts_r
                0x000001a8                puts
 .text          0x000001c4       0x48 /media/ca850f52-0605-42a7-9fd4-899de9edf461/work/GNU_LANG/ft32-elf/lib/libc.a(lib_a-strlen.o)
                0x000001c4                strlen
 .text          0x0000020c      0x53c /media/ca850f52-0605-42a7-9fd4-899de9edf461/work/GNU_LANG/ft32-elf/lib/libc.a(lib_a-findfp.o)
                0x00000368                __sfmoreglue
                0x000003f8                __sfp
                0x000005b0                _cleanup_r
                0x000005d8                _cleanup
                0x000005f0                __sinit
                0x000006a0                __sfp_lock_acquire
                0x000006b0                __sfp_lock_release
                0x000006c0                __sinit_lock_acquire
                0x000006d0                __sinit_lock_release
                0x00000708                __fp_lock_all
                0x00000728                __fp_unlock_all
 .text          0x00000748      0x6a8 /media/ca850f52-0605-42a7-9fd4-899de9edf461/work/GNU_LANG/ft32-elf/lib/libc.a(lib_a-fvwrite.o)
                0x00000748                __sfvwrite_r
 .text          0x00000df0      0x174 /media/ca850f52-0605-42a7-9fd4-899de9edf461/work/GNU_LANG/ft32-elf/lib/libc.a(lib_a-fwalk.o)
                0x00000df0                _fwalk
                0x00000ea8                _fwalk_reent
 .text          0x00000f64        0x0 /media/ca850f52-0605-42a7-9fd4-899de9edf461/work/GNU_LANG/ft32-elf/lib/libc.a(lib_a-impure.o)
 .text          0x00000f64      0xed4 /media/ca850f52-0605-42a7-9fd4-899de9edf461/work/GNU_LANG/ft32-elf/lib/libc.a(lib_a-mallocr.o)
                0x00001320                _malloc_r
 .text          0x00001e38       0x78 /media/ca850f52-0605-42a7-9fd4-899de9edf461/work/GNU_LANG/ft32-elf/lib/libc.a(lib_a-memchr.o)
                0x00001e38                memchr
 .text          0x00001eb0       0x74 /media/ca850f52-0605-42a7-9fd4-899de9edf461/work/GNU_LANG/ft32-elf/lib/libc.a(lib_a-memcpy.o)
                0x00001eb0                memcpy
 .text          0x00001f24       0xfc /media/ca850f52-0605-42a7-9fd4-899de9edf461/work/GNU_LANG/ft32-elf/lib/libc.a(lib_a-memmove.o)
                0x00001f24                memmove
 .text          0x00002020       0x58 /media/ca850f52-0605-42a7-9fd4-899de9edf461/work/GNU_LANG/ft32-elf/lib/libc.a(lib_a-memset.o)
                0x00002020                memset
 .text          0x00002078       0x28 /media/ca850f52-0605-42a7-9fd4-899de9edf461/work/GNU_LANG/ft32-elf/lib/libc.a(lib_a-mlock.o)
                0x00002078                __malloc_lock
                0x0000208c                __malloc_unlock
 .text          0x000020a0      0xbf8 /media/ca850f52-0605-42a7-9fd4-899de9edf461/work/GNU_LANG/ft32-elf/lib/libc.a(lib_a-reallocr.o)
                0x000020a0                _realloc_r
 .text          0x00002c98       0x50 /media/ca850f52-0605-42a7-9fd4-899de9edf461/work/GNU_LANG/ft32-elf/lib/libc.a(lib_a-sbrkr.o)
                0x00002c98                _sbrk_r
 .text          0x00002ce8      0x21c /media/ca850f52-0605-42a7-9fd4-899de9edf461/work/GNU_LANG/ft32-elf/lib/libc.a(lib_a-stdio.o)
                0x00002ce8                __sread
                0x00002d74                __seofread
                0x00002d94                __swrite
                0x00002e34                __sseek
                0x00002ed0                __sclose
 .text          0x00002f04       0x60 /media/ca850f52-0605-42a7-9fd4-899de9edf461/work/GNU_LANG/ft32-elf/lib/libc.a(lib_a-writer.o)
                0x00002f04                _write_r
 .text          0x00002f64      0x230 /media/ca850f52-0605-42a7-9fd4-899de9edf461/work/GNU_LANG/ft32-elf/lib/libc.a(lib_a-wsetup.o)
                0x00002f64                __swsetup_r
 .text          0x00003194       0x50 /media/ca850f52-0605-42a7-9fd4-899de9edf461/work/GNU_LANG/ft32-elf/lib/libc.a(lib_a-closer.o)
                0x00003194                _close_r
 .text          0x000031e4      0x160 /media/ca850f52-0605-42a7-9fd4-899de9edf461/work/GNU_LANG/ft32-elf/lib/libc.a(lib_a-fclose.o)
                0x000031e4                _fclose_r
                0x0000332c                fclose
 .text          0x00003344      0x43c /media/ca850f52-0605-42a7-9fd4-899de9edf461/work/GNU_LANG/ft32-elf/lib/libc.a(lib_a-fflush.o)
                0x00003344                __sflush_r
                0x000036d8                _fflush_r
                0x0000374c                fflush
 .text          0x00003780      0x6e4 /media/ca850f52-0605-42a7-9fd4-899de9edf461/work/GNU_LANG/ft32-elf/lib/libc.a(lib_a-freer.o)
                0x00003780                _free_r
                0x00003cd0                _malloc_trim_r
 .text          0x00003e64       0x60 /media/ca850f52-0605-42a7-9fd4-899de9edf461/work/GNU_LANG/ft32-elf/lib/libc.a(lib_a-lseekr.o)
                0x00003e64                _lseek_r
 .text          0x00003ec4      0x288 /media/ca850f52-0605-42a7-9fd4-899de9edf461/work/GNU_LANG/ft32-elf/lib/libc.a(lib_a-makebuf.o)
                0x00003ec4                __smakebuf_r
                0x00004060                __swhatbuf_r
 .text          0x0000414c       0x60 /media/ca850f52-0605-42a7-9fd4-899de9edf461/work/GNU_LANG/ft32-elf/lib/libc.a(lib_a-readr.o)
                0x0000414c                _read_r
 .text          0x000041ac      0x214 /media/ca850f52-0605-42a7-9fd4-899de9edf461/work/GNU_LANG/ft32-elf/lib/libc.a(lib_a-reent.o)
                0x000041ac                cleanup_glue
                0x000041f4                _reclaim_reent
 .text          0x000043c0       0x58 /media/ca850f52-0605-42a7-9fd4-899de9edf461/work/GNU_LANG/ft32-elf/lib/libc.a(lib_a-fstatr.o)
                0x000043c0                _fstat_r
 .text          0x00004418       0x50 /media/ca850f52-0605-42a7-9fd4-899de9edf461/work/GNU_LANG/ft32-elf/lib/libc.a(lib_a-isattyr.o)
                0x00004418                _isatty_r
 .text          0x00004468       0x30 /media/ca850f52-0605-42a7-9fd4-899de9edf461/work/GNU_LANG/ft32-elf/lib/libsim.a(fstat.o)
                0x00004468                _fstat
 .text          0x00004498       0x14 /media/ca850f52-0605-42a7-9fd4-899de9edf461/work/GNU_LANG/ft32-elf/lib/libsim.a(isatty.o)
                0x00004498                _isatty
 .text          0x000044ac       0x64 /media/ca850f52-0605-42a7-9fd4-899de9edf461/work/GNU_LANG/ft32-elf/lib/libsim.a(sbrk.o)
                0x000044ac                _sbrk
 .text          0x00004510        0x4 /media/ca850f52-0605-42a7-9fd4-899de9edf461/work/GNU_LANG/ft32-elf/lib/libsim.a(sim-close.o)
                0x00004510                close
                0x00004510                _close
 .text          0x00004514       0x1c /media/ca850f52-0605-42a7-9fd4-899de9edf461/work/GNU_LANG/ft32-elf/lib/libsim.a(sim-lseek.o)
                0x00004514                _lseek
 .text          0x00004530        0x4 /media/ca850f52-0605-42a7-9fd4-899de9edf461/work/GNU_LANG/ft32-elf/lib/libsim.a(sim-read.o)
                0x00004530                read
                0x00004530                _read
 .text          0x00004534       0x10 /media/ca850f52-0605-42a7-9fd4-899de9edf461/work/GNU_LANG/ft32-elf/lib/libsim.a(sim-write.o)
                0x00004534                write
                0x00004534                _write
 .text          0x00004544       0x10 /media/ca850f52-0605-42a7-9fd4-899de9edf461/work/GNU_LANG/ft32-elf/lib/libg.a(lib_a-errno.o)
                0x00004544                __errno

.text

.data           0x00800000      0x850 load address 0x00004554
                0x00800000                _data_start = .
 *(.data)
 .data          0x00800000        0x0 start.o
 .data          0x00800000        0x0 hello.o
 .data          0x00800000        0x0 /media/ca850f52-0605-42a7-9fd4-899de9edf461/work/GNU_LANG/ft32-elf/lib/libc.a(lib_a-puts.o)
 .data          0x00800000        0x0 /media/ca850f52-0605-42a7-9fd4-899de9edf461/work/GNU_LANG/ft32-elf/lib/libc.a(lib_a-strlen.o)
 .data          0x00800000        0x0 /media/ca850f52-0605-42a7-9fd4-899de9edf461/work/GNU_LANG/ft32-elf/lib/libc.a(lib_a-findfp.o)
 .data          0x00800000        0x0 /media/ca850f52-0605-42a7-9fd4-899de9edf461/work/GNU_LANG/ft32-elf/lib/libc.a(lib_a-fvwrite.o)
 .data          0x00800000        0x0 /media/ca850f52-0605-42a7-9fd4-899de9edf461/work/GNU_LANG/ft32-elf/lib/libc.a(lib_a-fwalk.o)
 .data          0x00800000      0x428 /media/ca850f52-0605-42a7-9fd4-899de9edf461/work/GNU_LANG/ft32-elf/lib/libc.a(lib_a-impure.o)
                0x00800424                _impure_ptr
 .data          0x00800428      0x410 /media/ca850f52-0605-42a7-9fd4-899de9edf461/work/GNU_LANG/ft32-elf/lib/libc.a(lib_a-mallocr.o)
                0x00800428                __malloc_av_
                0x00800830                __malloc_trim_threshold
                0x00800834                __malloc_sbrk_base
 .data          0x00800838        0x0 /media/ca850f52-0605-42a7-9fd4-899de9edf461/work/GNU_LANG/ft32-elf/lib/libc.a(lib_a-memchr.o)
 .data          0x00800838        0x0 /media/ca850f52-0605-42a7-9fd4-899de9edf461/work/GNU_LANG/ft32-elf/lib/libc.a(lib_a-memcpy.o)
 .data          0x00800838        0x0 /media/ca850f52-0605-42a7-9fd4-899de9edf461/work/GNU_LANG/ft32-elf/lib/libc.a(lib_a-memmove.o)
 .data          0x00800838        0x0 /media/ca850f52-0605-42a7-9fd4-899de9edf461/work/GNU_LANG/ft32-elf/lib/libc.a(lib_a-memset.o)
 .data          0x00800838        0x0 /media/ca850f52-0605-42a7-9fd4-899de9edf461/work/GNU_LANG/ft32-elf/lib/libc.a(lib_a-mlock.o)
 .data          0x00800838        0x0 /media/ca850f52-0605-42a7-9fd4-899de9edf461/work/GNU_LANG/ft32-elf/lib/libc.a(lib_a-reallocr.o)
 .data          0x00800838        0x0 /media/ca850f52-0605-42a7-9fd4-899de9edf461/work/GNU_LANG/ft32-elf/lib/libc.a(lib_a-sbrkr.o)
 .data          0x00800838        0x0 /media/ca850f52-0605-42a7-9fd4-899de9edf461/work/GNU_LANG/ft32-elf/lib/libc.a(lib_a-stdio.o)
 .data          0x00800838        0x0 /media/ca850f52-0605-42a7-9fd4-899de9edf461/work/GNU_LANG/ft32-elf/lib/libc.a(lib_a-writer.o)
 .data          0x00800838        0x0 /media/ca850f52-0605-42a7-9fd4-899de9edf461/work/GNU_LANG/ft32-elf/lib/libc.a(lib_a-wsetup.o)
 .data          0x00800838        0x0 /media/ca850f52-0605-42a7-9fd4-899de9edf461/work/GNU_LANG/ft32-elf/lib/libc.a(lib_a-closer.o)
 .data          0x00800838        0x0 /media/ca850f52-0605-42a7-9fd4-899de9edf461/work/GNU_LANG/ft32-elf/lib/libc.a(lib_a-fclose.o)
 .data          0x00800838        0x0 /media/ca850f52-0605-42a7-9fd4-899de9edf461/work/GNU_LANG/ft32-elf/lib/libc.a(lib_a-fflush.o)
 .data          0x00800838        0x0 /media/ca850f52-0605-42a7-9fd4-899de9edf461/work/GNU_LANG/ft32-elf/lib/libc.a(lib_a-freer.o)
 .data          0x00800838        0x0 /media/ca850f52-0605-42a7-9fd4-899de9edf461/work/GNU_LANG/ft32-elf/lib/libc.a(lib_a-lseekr.o)
 .data          0x00800838        0x0 /media/ca850f52-0605-42a7-9fd4-899de9edf461/work/GNU_LANG/ft32-elf/lib/libc.a(lib_a-makebuf.o)
 .data          0x00800838        0x0 /media/ca850f52-0605-42a7-9fd4-899de9edf461/work/GNU_LANG/ft32-elf/lib/libc.a(lib_a-readr.o)
 .data          0x00800838        0x0 /media/ca850f52-0605-42a7-9fd4-899de9edf461/work/GNU_LANG/ft32-elf/lib/libc.a(lib_a-reent.o)
 .data          0x00800838        0x0 /media/ca850f52-0605-42a7-9fd4-899de9edf461/work/GNU_LANG/ft32-elf/lib/libc.a(lib_a-fstatr.o)
 .data          0x00800838        0x0 /media/ca850f52-0605-42a7-9fd4-899de9edf461/work/GNU_LANG/ft32-elf/lib/libc.a(lib_a-isattyr.o)
 .data          0x00800838        0x0 /media/ca850f52-0605-42a7-9fd4-899de9edf461/work/GNU_LANG/ft32-elf/lib/libsim.a(fstat.o)
 .data          0x00800838        0x0 /media/ca850f52-0605-42a7-9fd4-899de9edf461/work/GNU_LANG/ft32-elf/lib/libsim.a(isatty.o)
 .data          0x00800838        0x4 /media/ca850f52-0605-42a7-9fd4-899de9edf461/work/GNU_LANG/ft32-elf/lib/libsim.a(sbrk.o)
                0x00800838                __heap_ptr
 .data          0x0080083c        0x0 /media/ca850f52-0605-42a7-9fd4-899de9edf461/work/GNU_LANG/ft32-elf/lib/libsim.a(sim-close.o)
 .data          0x0080083c        0x0 /media/ca850f52-0605-42a7-9fd4-899de9edf461/work/GNU_LANG/ft32-elf/lib/libsim.a(sim-lseek.o)
 .data          0x0080083c        0x0 /media/ca850f52-0605-42a7-9fd4-899de9edf461/work/GNU_LANG/ft32-elf/lib/libsim.a(sim-read.o)
 .data          0x0080083c        0x0 /media/ca850f52-0605-42a7-9fd4-899de9edf461/work/GNU_LANG/ft32-elf/lib/libsim.a(sim-write.o)
 .data          0x0080083c        0x0 /media/ca850f52-0605-42a7-9fd4-899de9edf461/work/GNU_LANG/ft32-elf/lib/libg.a(lib_a-errno.o)
 *(.rodata)
 .rodata        0x0080083c        0xc hello.o
 .rodata        0x00800848        0x2 /media/ca850f52-0605-42a7-9fd4-899de9edf461/work/GNU_LANG/ft32-elf/lib/libc.a(lib_a-puts.o)
 *fill*         0x0080084a        0x2 
 .rodata        0x0080084c        0x4 /media/ca850f52-0605-42a7-9fd4-899de9edf461/work/GNU_LANG/ft32-elf/lib/libc.a(lib_a-impure.o)
                0x0080084c                _global_impure_ptr
                0x00800850                _data_end = .

.bss            0x00800850       0x44
                0x00800850                _bss_start = .
 *(.bss)
 .bss           0x00800850        0x0 start.o
 .bss           0x00800850        0x0 hello.o
 .bss           0x00800850        0x0 /media/ca850f52-0605-42a7-9fd4-899de9edf461/work/GNU_LANG/ft32-elf/lib/libc.a(lib_a-puts.o)
 .bss           0x00800850        0x0 /media/ca850f52-0605-42a7-9fd4-899de9edf461/work/GNU_LANG/ft32-elf/lib/libc.a(lib_a-strlen.o)
 .bss           0x00800850        0x8 /media/ca850f52-0605-42a7-9fd4-899de9edf461/work/GNU_LANG/ft32-elf/lib/libc.a(lib_a-findfp.o)
 .bss           0x00800858        0x0 /media/ca850f52-0605-42a7-9fd4-899de9edf461/work/GNU_LANG/ft32-elf/lib/libc.a(lib_a-fvwrite.o)
 .bss           0x00800858        0x0 /media/ca850f52-0605-42a7-9fd4-899de9edf461/work/GNU_LANG/ft32-elf/lib/libc.a(lib_a-fwalk.o)
 .bss           0x00800858        0x0 /media/ca850f52-0605-42a7-9fd4-899de9edf461/work/GNU_LANG/ft32-elf/lib/libc.a(lib_a-impure.o)
 .bss           0x00800858       0x34 /media/ca850f52-0605-42a7-9fd4-899de9edf461/work/GNU_LANG/ft32-elf/lib/libc.a(lib_a-mallocr.o)
                0x00800858                __malloc_top_pad
                0x0080085c                __malloc_max_sbrked_mem
                0x00800860                __malloc_max_total_mem
                0x00800864                __malloc_current_mallinfo
 .bss           0x0080088c        0x0 /media/ca850f52-0605-42a7-9fd4-899de9edf461/work/GNU_LANG/ft32-elf/lib/libc.a(lib_a-memchr.o)
 .bss           0x0080088c        0x0 /media/ca850f52-0605-42a7-9fd4-899de9edf461/work/GNU_LANG/ft32-elf/lib/libc.a(lib_a-memcpy.o)
 .bss           0x0080088c        0x0 /media/ca850f52-0605-42a7-9fd4-899de9edf461/work/GNU_LANG/ft32-elf/lib/libc.a(lib_a-memmove.o)
 .bss           0x0080088c        0x0 /media/ca850f52-0605-42a7-9fd4-899de9edf461/work/GNU_LANG/ft32-elf/lib/libc.a(lib_a-memset.o)
 .bss           0x0080088c        0x4 /media/ca850f52-0605-42a7-9fd4-899de9edf461/work/GNU_LANG/ft32-elf/lib/libc.a(lib_a-mlock.o)
 .bss           0x00800890        0x0 /media/ca850f52-0605-42a7-9fd4-899de9edf461/work/GNU_LANG/ft32-elf/lib/libc.a(lib_a-reallocr.o)
 .bss           0x00800890        0x0 /media/ca850f52-0605-42a7-9fd4-899de9edf461/work/GNU_LANG/ft32-elf/lib/libc.a(lib_a-sbrkr.o)
 .bss           0x00800890        0x0 /media/ca850f52-0605-42a7-9fd4-899de9edf461/work/GNU_LANG/ft32-elf/lib/libc.a(lib_a-stdio.o)
 .bss           0x00800890        0x0 /media/ca850f52-0605-42a7-9fd4-899de9edf461/work/GNU_LANG/ft32-elf/lib/libc.a(lib_a-writer.o)
 .bss           0x00800890        0x0 /media/ca850f52-0605-42a7-9fd4-899de9edf461/work/GNU_LANG/ft32-elf/lib/libc.a(lib_a-wsetup.o)
 .bss           0x00800890        0x0 /media/ca850f52-0605-42a7-9fd4-899de9edf461/work/GNU_LANG/ft32-elf/lib/libc.a(lib_a-closer.o)
 .bss           0x00800890        0x0 /media/ca850f52-0605-42a7-9fd4-899de9edf461/work/GNU_LANG/ft32-elf/lib/libc.a(lib_a-fclose.o)
 .bss           0x00800890        0x0 /media/ca850f52-0605-42a7-9fd4-899de9edf461/work/GNU_LANG/ft32-elf/lib/libc.a(lib_a-fflush.o)
 .bss           0x00800890        0x0 /media/ca850f52-0605-42a7-9fd4-899de9edf461/work/GNU_LANG/ft32-elf/lib/libc.a(lib_a-freer.o)
 .bss           0x00800890        0x0 /media/ca850f52-0605-42a7-9fd4-899de9edf461/work/GNU_LANG/ft32-elf/lib/libc.a(lib_a-lseekr.o)
 .bss           0x00800890        0x0 /media/ca850f52-0605-42a7-9fd4-899de9edf461/work/GNU_LANG/ft32-elf/lib/libc.a(lib_a-makebuf.o)
 .bss           0x00800890        0x0 /media/ca850f52-0605-42a7-9fd4-899de9edf461/work/GNU_LANG/ft32-elf/lib/libc.a(lib_a-readr.o)
 .bss           0x00800890        0x4 /media/ca850f52-0605-42a7-9fd4-899de9edf461/work/GNU_LANG/ft32-elf/lib/libc.a(lib_a-reent.o)
                0x00800890                errno
 .bss           0x00800894        0x0 /media/ca850f52-0605-42a7-9fd4-899de9edf461/work/GNU_LANG/ft32-elf/lib/libc.a(lib_a-fstatr.o)
 .bss           0x00800894        0x0 /media/ca850f52-0605-42a7-9fd4-899de9edf461/work/GNU_LANG/ft32-elf/lib/libc.a(lib_a-isattyr.o)
 .bss           0x00800894        0x0 /media/ca850f52-0605-42a7-9fd4-899de9edf461/work/GNU_LANG/ft32-elf/lib/libsim.a(fstat.o)
 .bss           0x00800894        0x0 /media/ca850f52-0605-42a7-9fd4-899de9edf461/work/GNU_LANG/ft32-elf/lib/libsim.a(isatty.o)
 .bss           0x00800894        0x0 /media/ca850f52-0605-42a7-9fd4-899de9edf461/work/GNU_LANG/ft32-elf/lib/libsim.a(sbrk.o)
 .bss           0x00800894        0x0 /media/ca850f52-0605-42a7-9fd4-899de9edf461/work/GNU_LANG/ft32-elf/lib/libsim.a(sim-close.o)
 .bss           0x00800894        0x0 /media/ca850f52-0605-42a7-9fd4-899de9edf461/work/GNU_LANG/ft32-elf/lib/libsim.a(sim-lseek.o)
 .bss           0x00800894        0x0 /media/ca850f52-0605-42a7-9fd4-899de9edf461/work/GNU_LANG/ft32-elf/lib/libsim.a(sim-read.o)
 .bss           0x00800894        0x0 /media/ca850f52-0605-42a7-9fd4-899de9edf461/work/GNU_LANG/ft32-elf/lib/libsim.a(sim-write.o)
 .bss           0x00800894        0x0 /media/ca850f52-0605-42a7-9fd4-899de9edf461/work/GNU_LANG/ft32-elf/lib/libg.a(lib_a-errno.o)
                0x00800894                _bss_end = .
                0x00800894                _end = .
                0x00004554                __data_load_start = LOADADDR (.data)
                0x00004da4                __data_load_end = (__data_load_start + SIZEOF (.data))
                0x00007008                . = 0x7008
                0x00007008                stack = .
OUTPUT(hello.elf elf32-ft32)

.debug_line     0x00000000     0x6ca2
 .debug_line    0x00000000       0x4a start.o
 .debug_line    0x0000004a       0x5b hello.o
 .debug_line    0x000000a5      0x2eb /media/ca850f52-0605-42a7-9fd4-899de9edf461/work/GNU_LANG/ft32-elf/lib/libc.a(lib_a-puts.o)
 .debug_line    0x00000390      0x17b /media/ca850f52-0605-42a7-9fd4-899de9edf461/work/GNU_LANG/ft32-elf/lib/libc.a(lib_a-strlen.o)
 .debug_line    0x0000050b      0x72b /media/ca850f52-0605-42a7-9fd4-899de9edf461/work/GNU_LANG/ft32-elf/lib/libc.a(lib_a-findfp.o)
 .debug_line    0x00000c36      0x8eb /media/ca850f52-0605-42a7-9fd4-899de9edf461/work/GNU_LANG/ft32-elf/lib/libc.a(lib_a-fvwrite.o)
 .debug_line    0x00001521      0x395 /media/ca850f52-0605-42a7-9fd4-899de9edf461/work/GNU_LANG/ft32-elf/lib/libc.a(lib_a-fwalk.o)
 .debug_line    0x000018b6      0x143 /media/ca850f52-0605-42a7-9fd4-899de9edf461/work/GNU_LANG/ft32-elf/lib/libc.a(lib_a-impure.o)
 .debug_line    0x000019f9      0xd56 /media/ca850f52-0605-42a7-9fd4-899de9edf461/work/GNU_LANG/ft32-elf/lib/libc.a(lib_a-mallocr.o)
 .debug_line    0x0000274f      0x1a3 /media/ca850f52-0605-42a7-9fd4-899de9edf461/work/GNU_LANG/ft32-elf/lib/libc.a(lib_a-memchr.o)
 .debug_line    0x000028f2      0x1ad /media/ca850f52-0605-42a7-9fd4-899de9edf461/work/GNU_LANG/ft32-elf/lib/libc.a(lib_a-memcpy.o)
 .debug_line    0x00002a9f      0x21a /media/ca850f52-0605-42a7-9fd4-899de9edf461/work/GNU_LANG/ft32-elf/lib/libc.a(lib_a-memmove.o)
 .debug_line    0x00002cb9      0x18f /media/ca850f52-0605-42a7-9fd4-899de9edf461/work/GNU_LANG/ft32-elf/lib/libc.a(lib_a-memset.o)
 .debug_line    0x00002e48      0x1db /media/ca850f52-0605-42a7-9fd4-899de9edf461/work/GNU_LANG/ft32-elf/lib/libc.a(lib_a-mlock.o)
 .debug_line    0x00003023      0x812 /media/ca850f52-0605-42a7-9fd4-899de9edf461/work/GNU_LANG/ft32-elf/lib/libc.a(lib_a-reallocr.o)
 .debug_line    0x00003835      0x213 /media/ca850f52-0605-42a7-9fd4-899de9edf461/work/GNU_LANG/ft32-elf/lib/libc.a(lib_a-sbrkr.o)
 .debug_line    0x00003a48      0x342 /media/ca850f52-0605-42a7-9fd4-899de9edf461/work/GNU_LANG/ft32-elf/lib/libc.a(lib_a-stdio.o)
 .debug_line    0x00003d8a      0x214 /media/ca850f52-0605-42a7-9fd4-899de9edf461/work/GNU_LANG/ft32-elf/lib/libc.a(lib_a-writer.o)
 .debug_line    0x00003f9e      0x42a /media/ca850f52-0605-42a7-9fd4-899de9edf461/work/GNU_LANG/ft32-elf/lib/libc.a(lib_a-wsetup.o)
 .debug_line    0x000043c8      0x214 /media/ca850f52-0605-42a7-9fd4-899de9edf461/work/GNU_LANG/ft32-elf/lib/libc.a(lib_a-closer.o)
 .debug_line    0x000045dc      0x348 /media/ca850f52-0605-42a7-9fd4-899de9edf461/work/GNU_LANG/ft32-elf/lib/libc.a(lib_a-fclose.o)
 .debug_line    0x00004924      0x646 /media/ca850f52-0605-42a7-9fd4-899de9edf461/work/GNU_LANG/ft32-elf/lib/libc.a(lib_a-fflush.o)
 .debug_line    0x00004f6a      0x62e /media/ca850f52-0605-42a7-9fd4-899de9edf461/work/GNU_LANG/ft32-elf/lib/libc.a(lib_a-freer.o)
 .debug_line    0x00005598      0x214 /media/ca850f52-0605-42a7-9fd4-899de9edf461/work/GNU_LANG/ft32-elf/lib/libc.a(lib_a-lseekr.o)
 .debug_line    0x000057ac      0x4a9 /media/ca850f52-0605-42a7-9fd4-899de9edf461/work/GNU_LANG/ft32-elf/lib/libc.a(lib_a-makebuf.o)
 .debug_line    0x00005c55      0x213 /media/ca850f52-0605-42a7-9fd4-899de9edf461/work/GNU_LANG/ft32-elf/lib/libc.a(lib_a-readr.o)
 .debug_line    0x00005e68      0x37a /media/ca850f52-0605-42a7-9fd4-899de9edf461/work/GNU_LANG/ft32-elf/lib/libc.a(lib_a-reent.o)
 .debug_line    0x000061e2      0x2c6 /media/ca850f52-0605-42a7-9fd4-899de9edf461/work/GNU_LANG/ft32-elf/lib/libc.a(lib_a-fstatr.o)
 .debug_line    0x000064a8      0x215 /media/ca850f52-0605-42a7-9fd4-899de9edf461/work/GNU_LANG/ft32-elf/lib/libc.a(lib_a-isattyr.o)
 .debug_line    0x000066bd      0x170 /media/ca850f52-0605-42a7-9fd4-899de9edf461/work/GNU_LANG/ft32-elf/lib/libsim.a(fstat.o)
 .debug_line    0x0000682d       0x69 /media/ca850f52-0605-42a7-9fd4-899de9edf461/work/GNU_LANG/ft32-elf/lib/libsim.a(isatty.o)
 .debug_line    0x00006896       0xd7 /media/ca850f52-0605-42a7-9fd4-899de9edf461/work/GNU_LANG/ft32-elf/lib/libsim.a(sbrk.o)
 .debug_line    0x0000696d       0x52 /media/ca850f52-0605-42a7-9fd4-899de9edf461/work/GNU_LANG/ft32-elf/lib/libsim.a(sim-close.o)
 .debug_line    0x000069bf       0xd2 /media/ca850f52-0605-42a7-9fd4-899de9edf461/work/GNU_LANG/ft32-elf/lib/libsim.a(sim-lseek.o)
 .debug_line    0x00006a91       0x51 /media/ca850f52-0605-42a7-9fd4-899de9edf461/work/GNU_LANG/ft32-elf/lib/libsim.a(sim-read.o)
 .debug_line    0x00006ae2       0x55 /media/ca850f52-0605-42a7-9fd4-899de9edf461/work/GNU_LANG/ft32-elf/lib/libsim.a(sim-write.o)
 .debug_line    0x00006b37      0x16b /media/ca850f52-0605-42a7-9fd4-899de9edf461/work/GNU_LANG/ft32-elf/lib/libg.a(lib_a-errno.o)

.debug_info     0x00000000     0xf793
 .debug_info    0x00000000       0x26 start.o
 .debug_info    0x00000026       0x90 hello.o
 .debug_info    0x000000b6      0xa51 /media/ca850f52-0605-42a7-9fd4-899de9edf461/work/GNU_LANG/ft32-elf/lib/libc.a(lib_a-puts.o)
 .debug_info    0x00000b07       0xc6 /media/ca850f52-0605-42a7-9fd4-899de9edf461/work/GNU_LANG/ft32-elf/lib/libc.a(lib_a-strlen.o)
 .debug_info    0x00000bcd      0xcb8 /media/ca850f52-0605-42a7-9fd4-899de9edf461/work/GNU_LANG/ft32-elf/lib/libc.a(lib_a-findfp.o)
 .debug_info    0x00001885      0xa6e /media/ca850f52-0605-42a7-9fd4-899de9edf461/work/GNU_LANG/ft32-elf/lib/libc.a(lib_a-fvwrite.o)
 .debug_info    0x000022f3      0xa02 /media/ca850f52-0605-42a7-9fd4-899de9edf461/work/GNU_LANG/ft32-elf/lib/libc.a(lib_a-fwalk.o)
 .debug_info    0x00002cf5      0x92a /media/ca850f52-0605-42a7-9fd4-899de9edf461/work/GNU_LANG/ft32-elf/lib/libc.a(lib_a-impure.o)
 .debug_info    0x0000361f      0xc79 /media/ca850f52-0605-42a7-9fd4-899de9edf461/work/GNU_LANG/ft32-elf/lib/libc.a(lib_a-mallocr.o)
 .debug_info    0x00004298       0xfc /media/ca850f52-0605-42a7-9fd4-899de9edf461/work/GNU_LANG/ft32-elf/lib/libc.a(lib_a-memchr.o)
 .debug_info    0x00004394      0x110 /media/ca850f52-0605-42a7-9fd4-899de9edf461/work/GNU_LANG/ft32-elf/lib/libc.a(lib_a-memcpy.o)
 .debug_info    0x000044a4      0x102 /media/ca850f52-0605-42a7-9fd4-899de9edf461/work/GNU_LANG/ft32-elf/lib/libc.a(lib_a-memmove.o)
 .debug_info    0x000045a6       0xd9 /media/ca850f52-0605-42a7-9fd4-899de9edf461/work/GNU_LANG/ft32-elf/lib/libc.a(lib_a-memset.o)
 .debug_info    0x0000467f      0x945 /media/ca850f52-0605-42a7-9fd4-899de9edf461/work/GNU_LANG/ft32-elf/lib/libc.a(lib_a-mlock.o)
 .debug_info    0x00004fc4      0xbd9 /media/ca850f52-0605-42a7-9fd4-899de9edf461/work/GNU_LANG/ft32-elf/lib/libc.a(lib_a-reallocr.o)
 .debug_info    0x00005b9d      0x959 /media/ca850f52-0605-42a7-9fd4-899de9edf461/work/GNU_LANG/ft32-elf/lib/libc.a(lib_a-sbrkr.o)
 .debug_info    0x000064f6      0xb00 /media/ca850f52-0605-42a7-9fd4-899de9edf461/work/GNU_LANG/ft32-elf/lib/libc.a(lib_a-stdio.o)
 .debug_info    0x00006ff6      0x993 /media/ca850f52-0605-42a7-9fd4-899de9edf461/work/GNU_LANG/ft32-elf/lib/libc.a(lib_a-writer.o)
 .debug_info    0x00007989      0x95a /media/ca850f52-0605-42a7-9fd4-899de9edf461/work/GNU_LANG/ft32-elf/lib/libc.a(lib_a-wsetup.o)
 .debug_info    0x000082e3      0x952 /media/ca850f52-0605-42a7-9fd4-899de9edf461/work/GNU_LANG/ft32-elf/lib/libc.a(lib_a-closer.o)
 .debug_info    0x00008c35      0x98c /media/ca850f52-0605-42a7-9fd4-899de9edf461/work/GNU_LANG/ft32-elf/lib/libc.a(lib_a-fclose.o)
 .debug_info    0x000095c1      0xa4d /media/ca850f52-0605-42a7-9fd4-899de9edf461/work/GNU_LANG/ft32-elf/lib/libc.a(lib_a-fflush.o)
 .debug_info    0x0000a00e      0xba5 /media/ca850f52-0605-42a7-9fd4-899de9edf461/work/GNU_LANG/ft32-elf/lib/libc.a(lib_a-freer.o)
 .debug_info    0x0000abb3      0x970 /media/ca850f52-0605-42a7-9fd4-899de9edf461/work/GNU_LANG/ft32-elf/lib/libc.a(lib_a-lseekr.o)
 .debug_info    0x0000b523      0xbf2 /media/ca850f52-0605-42a7-9fd4-899de9edf461/work/GNU_LANG/ft32-elf/lib/libc.a(lib_a-makebuf.o)
 .debug_info    0x0000c115      0x988 /media/ca850f52-0605-42a7-9fd4-899de9edf461/work/GNU_LANG/ft32-elf/lib/libc.a(lib_a-readr.o)
 .debug_info    0x0000ca9d      0x9c9 /media/ca850f52-0605-42a7-9fd4-899de9edf461/work/GNU_LANG/ft32-elf/lib/libc.a(lib_a-reent.o)
 .debug_info    0x0000d466      0xb63 /media/ca850f52-0605-42a7-9fd4-899de9edf461/work/GNU_LANG/ft32-elf/lib/libc.a(lib_a-fstatr.o)
 .debug_info    0x0000dfc9      0x952 /media/ca850f52-0605-42a7-9fd4-899de9edf461/work/GNU_LANG/ft32-elf/lib/libc.a(lib_a-isattyr.o)
 .debug_info    0x0000e91b      0x2bc /media/ca850f52-0605-42a7-9fd4-899de9edf461/work/GNU_LANG/ft32-elf/lib/libsim.a(fstat.o)
 .debug_info    0x0000ebd7       0x5d /media/ca850f52-0605-42a7-9fd4-899de9edf461/work/GNU_LANG/ft32-elf/lib/libsim.a(isatty.o)
 .debug_info    0x0000ec34       0xf8 /media/ca850f52-0605-42a7-9fd4-899de9edf461/work/GNU_LANG/ft32-elf/lib/libsim.a(sbrk.o)
 .debug_info    0x0000ed2c       0x26 /media/ca850f52-0605-42a7-9fd4-899de9edf461/work/GNU_LANG/ft32-elf/lib/libsim.a(sim-close.o)
 .debug_info    0x0000ed52       0xe1 /media/ca850f52-0605-42a7-9fd4-899de9edf461/work/GNU_LANG/ft32-elf/lib/libsim.a(sim-lseek.o)
 .debug_info    0x0000ee33       0x26 /media/ca850f52-0605-42a7-9fd4-899de9edf461/work/GNU_LANG/ft32-elf/lib/libsim.a(sim-read.o)
 .debug_info    0x0000ee59       0x26 /media/ca850f52-0605-42a7-9fd4-899de9edf461/work/GNU_LANG/ft32-elf/lib/libsim.a(sim-write.o)
 .debug_info    0x0000ee7f      0x914 /media/ca850f52-0605-42a7-9fd4-899de9edf461/work/GNU_LANG/ft32-elf/lib/libg.a(lib_a-errno.o)

.debug_abbrev   0x00000000     0x35c3
 .debug_abbrev  0x00000000       0x14 start.o
 .debug_abbrev  0x00000014       0x44 hello.o
 .debug_abbrev  0x00000058      0x21f /media/ca850f52-0605-42a7-9fd4-899de9edf461/work/GNU_LANG/ft32-elf/lib/libc.a(lib_a-puts.o)
 .debug_abbrev  0x00000277       0x87 /media/ca850f52-0605-42a7-9fd4-899de9edf461/work/GNU_LANG/ft32-elf/lib/libc.a(lib_a-strlen.o)
 .debug_abbrev  0x000002fe      0x312 /media/ca850f52-0605-42a7-9fd4-899de9edf461/work/GNU_LANG/ft32-elf/lib/libc.a(lib_a-findfp.o)
 .debug_abbrev  0x00000610      0x1fd /media/ca850f52-0605-42a7-9fd4-899de9edf461/work/GNU_LANG/ft32-elf/lib/libc.a(lib_a-fvwrite.o)
 .debug_abbrev  0x0000080d      0x1e0 /media/ca850f52-0605-42a7-9fd4-899de9edf461/work/GNU_LANG/ft32-elf/lib/libc.a(lib_a-fwalk.o)
 .debug_abbrev  0x000009ed      0x1b8 /media/ca850f52-0605-42a7-9fd4-899de9edf461/work/GNU_LANG/ft32-elf/lib/libc.a(lib_a-impure.o)
 .debug_abbrev  0x00000ba5      0x236 /media/ca850f52-0605-42a7-9fd4-899de9edf461/work/GNU_LANG/ft32-elf/lib/libc.a(lib_a-mallocr.o)
 .debug_abbrev  0x00000ddb       0xa6 /media/ca850f52-0605-42a7-9fd4-899de9edf461/work/GNU_LANG/ft32-elf/lib/libc.a(lib_a-memchr.o)
 .debug_abbrev  0x00000e81       0xa4 /media/ca850f52-0605-42a7-9fd4-899de9edf461/work/GNU_LANG/ft32-elf/lib/libc.a(lib_a-memcpy.o)
 .debug_abbrev  0x00000f25       0x93 /media/ca850f52-0605-42a7-9fd4-899de9edf461/work/GNU_LANG/ft32-elf/lib/libc.a(lib_a-memmove.o)
 .debug_abbrev  0x00000fb8       0x87 /media/ca850f52-0605-42a7-9fd4-899de9edf461/work/GNU_LANG/ft32-elf/lib/libc.a(lib_a-memset.o)
 .debug_abbrev  0x0000103f      0x1e7 /media/ca850f52-0605-42a7-9fd4-899de9edf461/work/GNU_LANG/ft32-elf/lib/libc.a(lib_a-mlock.o)
 .debug_abbrev  0x00001226      0x239 /media/ca850f52-0605-42a7-9fd4-899de9edf461/work/GNU_LANG/ft32-elf/lib/libc.a(lib_a-reallocr.o)
 .debug_abbrev  0x0000145f      0x206 /media/ca850f52-0605-42a7-9fd4-899de9edf461/work/GNU_LANG/ft32-elf/lib/libc.a(lib_a-sbrkr.o)
 .debug_abbrev  0x00001665      0x21a /media/ca850f52-0605-42a7-9fd4-899de9edf461/work/GNU_LANG/ft32-elf/lib/libc.a(lib_a-stdio.o)
 .debug_abbrev  0x0000187f      0x208 /media/ca850f52-0605-42a7-9fd4-899de9edf461/work/GNU_LANG/ft32-elf/lib/libc.a(lib_a-writer.o)
 .debug_abbrev  0x00001a87      0x1eb /media/ca850f52-0605-42a7-9fd4-899de9edf461/work/GNU_LANG/ft32-elf/lib/libc.a(lib_a-wsetup.o)
 .debug_abbrev  0x00001c72      0x201 /media/ca850f52-0605-42a7-9fd4-899de9edf461/work/GNU_LANG/ft32-elf/lib/libc.a(lib_a-closer.o)
 .debug_abbrev  0x00001e73      0x229 /media/ca850f52-0605-42a7-9fd4-899de9edf461/work/GNU_LANG/ft32-elf/lib/libc.a(lib_a-fclose.o)
 .debug_abbrev  0x0000209c      0x258 /media/ca850f52-0605-42a7-9fd4-899de9edf461/work/GNU_LANG/ft32-elf/lib/libc.a(lib_a-fflush.o)
 .debug_abbrev  0x000022f4      0x238 /media/ca850f52-0605-42a7-9fd4-899de9edf461/work/GNU_LANG/ft32-elf/lib/libc.a(lib_a-freer.o)
 .debug_abbrev  0x0000252c      0x212 /media/ca850f52-0605-42a7-9fd4-899de9edf461/work/GNU_LANG/ft32-elf/lib/libc.a(lib_a-lseekr.o)
 .debug_abbrev  0x0000273e      0x20b /media/ca850f52-0605-42a7-9fd4-899de9edf461/work/GNU_LANG/ft32-elf/lib/libc.a(lib_a-makebuf.o)
 .debug_abbrev  0x00002949      0x201 /media/ca850f52-0605-42a7-9fd4-899de9edf461/work/GNU_LANG/ft32-elf/lib/libc.a(lib_a-readr.o)
 .debug_abbrev  0x00002b4a      0x243 /media/ca850f52-0605-42a7-9fd4-899de9edf461/work/GNU_LANG/ft32-elf/lib/libc.a(lib_a-reent.o)
 .debug_abbrev  0x00002d8d      0x214 /media/ca850f52-0605-42a7-9fd4-899de9edf461/work/GNU_LANG/ft32-elf/lib/libc.a(lib_a-fstatr.o)
 .debug_abbrev  0x00002fa1      0x201 /media/ca850f52-0605-42a7-9fd4-899de9edf461/work/GNU_LANG/ft32-elf/lib/libc.a(lib_a-isattyr.o)
 .debug_abbrev  0x000031a2       0xa5 /media/ca850f52-0605-42a7-9fd4-899de9edf461/work/GNU_LANG/ft32-elf/lib/libsim.a(fstat.o)
 .debug_abbrev  0x00003247       0x59 /media/ca850f52-0605-42a7-9fd4-899de9edf461/work/GNU_LANG/ft32-elf/lib/libsim.a(isatty.o)
 .debug_abbrev  0x000032a0       0xb2 /media/ca850f52-0605-42a7-9fd4-899de9edf461/work/GNU_LANG/ft32-elf/lib/libsim.a(sbrk.o)
 .debug_abbrev  0x00003352       0x14 /media/ca850f52-0605-42a7-9fd4-899de9edf461/work/GNU_LANG/ft32-elf/lib/libsim.a(sim-close.o)
 .debug_abbrev  0x00003366       0x77 /media/ca850f52-0605-42a7-9fd4-899de9edf461/work/GNU_LANG/ft32-elf/lib/libsim.a(sim-lseek.o)
 .debug_abbrev  0x000033dd       0x14 /media/ca850f52-0605-42a7-9fd4-899de9edf461/work/GNU_LANG/ft32-elf/lib/libsim.a(sim-read.o)
 .debug_abbrev  0x000033f1       0x14 /media/ca850f52-0605-42a7-9fd4-899de9edf461/work/GNU_LANG/ft32-elf/lib/libsim.a(sim-write.o)
 .debug_abbrev  0x00003405      0x1be /media/ca850f52-0605-42a7-9fd4-899de9edf461/work/GNU_LANG/ft32-elf/lib/libg.a(lib_a-errno.o)

.debug_aranges  0x00000000      0x498
 .debug_aranges
                0x00000000       0x20 start.o
 .debug_aranges
                0x00000020       0x20 hello.o
 .debug_aranges
                0x00000040       0x20 /media/ca850f52-0605-42a7-9fd4-899de9edf461/work/GNU_LANG/ft32-elf/lib/libc.a(lib_a-puts.o)
 .debug_aranges
                0x00000060       0x20 /media/ca850f52-0605-42a7-9fd4-899de9edf461/work/GNU_LANG/ft32-elf/lib/libc.a(lib_a-strlen.o)
 .debug_aranges
                0x00000080       0x20 /media/ca850f52-0605-42a7-9fd4-899de9edf461/work/GNU_LANG/ft32-elf/lib/libc.a(lib_a-findfp.o)
 .debug_aranges
                0x000000a0       0x20 /media/ca850f52-0605-42a7-9fd4-899de9edf461/work/GNU_LANG/ft32-elf/lib/libc.a(lib_a-fvwrite.o)
 .debug_aranges
                0x000000c0       0x20 /media/ca850f52-0605-42a7-9fd4-899de9edf461/work/GNU_LANG/ft32-elf/lib/libc.a(lib_a-fwalk.o)
 .debug_aranges
                0x000000e0       0x18 /media/ca850f52-0605-42a7-9fd4-899de9edf461/work/GNU_LANG/ft32-elf/lib/libc.a(lib_a-impure.o)
 .debug_aranges
                0x000000f8       0x20 /media/ca850f52-0605-42a7-9fd4-899de9edf461/work/GNU_LANG/ft32-elf/lib/libc.a(lib_a-mallocr.o)
 .debug_aranges
                0x00000118       0x20 /media/ca850f52-0605-42a7-9fd4-899de9edf461/work/GNU_LANG/ft32-elf/lib/libc.a(lib_a-memchr.o)
 .debug_aranges
                0x00000138       0x20 /media/ca850f52-0605-42a7-9fd4-899de9edf461/work/GNU_LANG/ft32-elf/lib/libc.a(lib_a-memcpy.o)
 .debug_aranges
                0x00000158       0x20 /media/ca850f52-0605-42a7-9fd4-899de9edf461/work/GNU_LANG/ft32-elf/lib/libc.a(lib_a-memmove.o)
 .debug_aranges
                0x00000178       0x20 /media/ca850f52-0605-42a7-9fd4-899de9edf461/work/GNU_LANG/ft32-elf/lib/libc.a(lib_a-memset.o)
 .debug_aranges
                0x00000198       0x20 /media/ca850f52-0605-42a7-9fd4-899de9edf461/work/GNU_LANG/ft32-elf/lib/libc.a(lib_a-mlock.o)
 .debug_aranges
                0x000001b8       0x20 /media/ca850f52-0605-42a7-9fd4-899de9edf461/work/GNU_LANG/ft32-elf/lib/libc.a(lib_a-reallocr.o)
 .debug_aranges
                0x000001d8       0x20 /media/ca850f52-0605-42a7-9fd4-899de9edf461/work/GNU_LANG/ft32-elf/lib/libc.a(lib_a-sbrkr.o)
 .debug_aranges
                0x000001f8       0x20 /media/ca850f52-0605-42a7-9fd4-899de9edf461/work/GNU_LANG/ft32-elf/lib/libc.a(lib_a-stdio.o)
 .debug_aranges
                0x00000218       0x20 /media/ca850f52-0605-42a7-9fd4-899de9edf461/work/GNU_LANG/ft32-elf/lib/libc.a(lib_a-writer.o)
 .debug_aranges
                0x00000238       0x20 /media/ca850f52-0605-42a7-9fd4-899de9edf461/work/GNU_LANG/ft32-elf/lib/libc.a(lib_a-wsetup.o)
 .debug_aranges
                0x00000258       0x20 /media/ca850f52-0605-42a7-9fd4-899de9edf461/work/GNU_LANG/ft32-elf/lib/libc.a(lib_a-closer.o)
 .debug_aranges
                0x00000278       0x20 /media/ca850f52-0605-42a7-9fd4-899de9edf461/work/GNU_LANG/ft32-elf/lib/libc.a(lib_a-fclose.o)
 .debug_aranges
                0x00000298       0x20 /media/ca850f52-0605-42a7-9fd4-899de9edf461/work/GNU_LANG/ft32-elf/lib/libc.a(lib_a-fflush.o)
 .debug_aranges
                0x000002b8       0x20 /media/ca850f52-0605-42a7-9fd4-899de9edf461/work/GNU_LANG/ft32-elf/lib/libc.a(lib_a-freer.o)
 .debug_aranges
                0x000002d8       0x20 /media/ca850f52-0605-42a7-9fd4-899de9edf461/work/GNU_LANG/ft32-elf/lib/libc.a(lib_a-lseekr.o)
 .debug_aranges
                0x000002f8       0x20 /media/ca850f52-0605-42a7-9fd4-899de9edf461/work/GNU_LANG/ft32-elf/lib/libc.a(lib_a-makebuf.o)
 .debug_aranges
                0x00000318       0x20 /media/ca850f52-0605-42a7-9fd4-899de9edf461/work/GNU_LANG/ft32-elf/lib/libc.a(lib_a-readr.o)
 .debug_aranges
                0x00000338       0x20 /media/ca850f52-0605-42a7-9fd4-899de9edf461/work/GNU_LANG/ft32-elf/lib/libc.a(lib_a-reent.o)
 .debug_aranges
                0x00000358       0x20 /media/ca850f52-0605-42a7-9fd4-899de9edf461/work/GNU_LANG/ft32-elf/lib/libc.a(lib_a-fstatr.o)
 .debug_aranges
                0x00000378       0x20 /media/ca850f52-0605-42a7-9fd4-899de9edf461/work/GNU_LANG/ft32-elf/lib/libc.a(lib_a-isattyr.o)
 .debug_aranges
                0x00000398       0x20 /media/ca850f52-0605-42a7-9fd4-899de9edf461/work/GNU_LANG/ft32-elf/lib/libsim.a(fstat.o)
 .debug_aranges
                0x000003b8       0x20 /media/ca850f52-0605-42a7-9fd4-899de9edf461/work/GNU_LANG/ft32-elf/lib/libsim.a(isatty.o)
 .debug_aranges
                0x000003d8       0x20 /media/ca850f52-0605-42a7-9fd4-899de9edf461/work/GNU_LANG/ft32-elf/lib/libsim.a(sbrk.o)
 .debug_aranges
                0x000003f8       0x20 /media/ca850f52-0605-42a7-9fd4-899de9edf461/work/GNU_LANG/ft32-elf/lib/libsim.a(sim-close.o)
 .debug_aranges
                0x00000418       0x20 /media/ca850f52-0605-42a7-9fd4-899de9edf461/work/GNU_LANG/ft32-elf/lib/libsim.a(sim-lseek.o)
 .debug_aranges
                0x00000438       0x20 /media/ca850f52-0605-42a7-9fd4-899de9edf461/work/GNU_LANG/ft32-elf/lib/libsim.a(sim-read.o)
 .debug_aranges
                0x00000458       0x20 /media/ca850f52-0605-42a7-9fd4-899de9edf461/work/GNU_LANG/ft32-elf/lib/libsim.a(sim-write.o)
 .debug_aranges
                0x00000478       0x20 /media/ca850f52-0605-42a7-9fd4-899de9edf461/work/GNU_LANG/ft32-elf/lib/libg.a(lib_a-errno.o)

.debug_str      0x00000000     0x13c5
 .debug_str     0x00000000       0x53 start.o
 .debug_str     0x00000053       0x7b hello.o
                                 0xf1 (size before relaxing)
 .debug_str     0x000000ce      0x486 /media/ca850f52-0605-42a7-9fd4-899de9edf461/work/GNU_LANG/ft32-elf/lib/libc.a(lib_a-puts.o)
                                0x582 (size before relaxing)
 .debug_str     0x00000554       0xa3 /media/ca850f52-0605-42a7-9fd4-899de9edf461/work/GNU_LANG/ft32-elf/lib/libc.a(lib_a-strlen.o)
                                0x162 (size before relaxing)
 .debug_str     0x000005f7      0x1d4 /media/ca850f52-0605-42a7-9fd4-899de9edf461/work/GNU_LANG/ft32-elf/lib/libc.a(lib_a-findfp.o)
                                0x6eb (size before relaxing)
 .debug_str     0x000007cb       0x55 /media/ca850f52-0605-42a7-9fd4-899de9edf461/work/GNU_LANG/ft32-elf/lib/libc.a(lib_a-fvwrite.o)
                                0x580 (size before relaxing)
 .debug_str     0x00000820       0x4b /media/ca850f52-0605-42a7-9fd4-899de9edf461/work/GNU_LANG/ft32-elf/lib/libc.a(lib_a-fwalk.o)
                                0x53c (size before relaxing)
 .debug_str     0x0000086b       0xa0 /media/ca850f52-0605-42a7-9fd4-899de9edf461/work/GNU_LANG/ft32-elf/lib/libc.a(lib_a-impure.o)
                                0x537 (size before relaxing)
 .debug_str     0x0000090b      0x263 /media/ca850f52-0605-42a7-9fd4-899de9edf461/work/GNU_LANG/ft32-elf/lib/libc.a(lib_a-mallocr.o)
                                0x70e (size before relaxing)
 .debug_str     0x00000b6e       0x41 /media/ca850f52-0605-42a7-9fd4-899de9edf461/work/GNU_LANG/ft32-elf/lib/libc.a(lib_a-memchr.o)
                                0x16c (size before relaxing)
 .debug_str     0x00000baf       0x45 /media/ca850f52-0605-42a7-9fd4-899de9edf461/work/GNU_LANG/ft32-elf/lib/libc.a(lib_a-memcpy.o)
                                0x170 (size before relaxing)
 .debug_str     0x00000bf4       0x3c /media/ca850f52-0605-42a7-9fd4-899de9edf461/work/GNU_LANG/ft32-elf/lib/libc.a(lib_a-memmove.o)
                                0x177 (size before relaxing)
 .debug_str     0x00000c30       0x31 /media/ca850f52-0605-42a7-9fd4-899de9edf461/work/GNU_LANG/ft32-elf/lib/libc.a(lib_a-memset.o)
                                0x15c (size before relaxing)
 .debug_str     0x00000c61       0x60 /media/ca850f52-0605-42a7-9fd4-899de9edf461/work/GNU_LANG/ft32-elf/lib/libc.a(lib_a-mlock.o)
                                0x544 (size before relaxing)
 .debug_str     0x00000cc1       0x59 /media/ca850f52-0605-42a7-9fd4-899de9edf461/work/GNU_LANG/ft32-elf/lib/libc.a(lib_a-reallocr.o)
                                0x5e0 (size before relaxing)
 .debug_str     0x00000d1a       0x45 /media/ca850f52-0605-42a7-9fd4-899de9edf461/work/GNU_LANG/ft32-elf/lib/libc.a(lib_a-sbrkr.o)
                                0x52e (size before relaxing)
 .debug_str     0x00000d5f       0x65 /media/ca850f52-0605-42a7-9fd4-899de9edf461/work/GNU_LANG/ft32-elf/lib/libc.a(lib_a-stdio.o)
                                0x568 (size before relaxing)
 .debug_str     0x00000dc4       0x32 /media/ca850f52-0605-42a7-9fd4-899de9edf461/work/GNU_LANG/ft32-elf/lib/libc.a(lib_a-writer.o)
                                0x52b (size before relaxing)
 .debug_str     0x00000df6       0x35 /media/ca850f52-0605-42a7-9fd4-899de9edf461/work/GNU_LANG/ft32-elf/lib/libc.a(lib_a-wsetup.o)
                                0x539 (size before relaxing)
 .debug_str     0x00000e2b       0x32 /media/ca850f52-0605-42a7-9fd4-899de9edf461/work/GNU_LANG/ft32-elf/lib/libc.a(lib_a-closer.o)
                                0x51b (size before relaxing)
 .debug_str     0x00000e5d       0x3f /media/ca850f52-0605-42a7-9fd4-899de9edf461/work/GNU_LANG/ft32-elf/lib/libc.a(lib_a-fclose.o)
                                0x543 (size before relaxing)
 .debug_str     0x00000e9c       0x56 /media/ca850f52-0605-42a7-9fd4-899de9edf461/work/GNU_LANG/ft32-elf/lib/libc.a(lib_a-fflush.o)
                                0x57a (size before relaxing)
 .debug_str     0x00000ef2       0x3c /media/ca850f52-0605-42a7-9fd4-899de9edf461/work/GNU_LANG/ft32-elf/lib/libc.a(lib_a-freer.o)
                                0x660 (size before relaxing)
 .debug_str     0x00000f2e       0x39 /media/ca850f52-0605-42a7-9fd4-899de9edf461/work/GNU_LANG/ft32-elf/lib/libc.a(lib_a-lseekr.o)
                                0x529 (size before relaxing)
 .debug_str     0x00000f67      0x15c /media/ca850f52-0605-42a7-9fd4-899de9edf461/work/GNU_LANG/ft32-elf/lib/libc.a(lib_a-makebuf.o)
                                0x69b (size before relaxing)
 .debug_str     0x000010c3       0x30 /media/ca850f52-0605-42a7-9fd4-899de9edf461/work/GNU_LANG/ft32-elf/lib/libc.a(lib_a-readr.o)
                                0x529 (size before relaxing)
 .debug_str     0x000010f3       0x54 /media/ca850f52-0605-42a7-9fd4-899de9edf461/work/GNU_LANG/ft32-elf/lib/libc.a(lib_a-reent.o)
                                0x54e (size before relaxing)
 .debug_str     0x00001147       0x3f /media/ca850f52-0605-42a7-9fd4-899de9edf461/work/GNU_LANG/ft32-elf/lib/libc.a(lib_a-fstatr.o)
                                0x66d (size before relaxing)
 .debug_str     0x00001186       0x3c /media/ca850f52-0605-42a7-9fd4-899de9edf461/work/GNU_LANG/ft32-elf/lib/libc.a(lib_a-isattyr.o)
                                0x525 (size before relaxing)
 .debug_str     0x000011c2       0x86 /media/ca850f52-0605-42a7-9fd4-899de9edf461/work/GNU_LANG/ft32-elf/lib/libsim.a(fstat.o)
                                0x280 (size before relaxing)
 .debug_str     0x00001248       0x20 /media/ca850f52-0605-42a7-9fd4-899de9edf461/work/GNU_LANG/ft32-elf/lib/libsim.a(isatty.o)
                                 0xa6 (size before relaxing)
 .debug_str     0x00001268       0x37 /media/ca850f52-0605-42a7-9fd4-899de9edf461/work/GNU_LANG/ft32-elf/lib/libsim.a(sbrk.o)
                                0x155 (size before relaxing)
 .debug_str     0x0000129f       0x23 /media/ca850f52-0605-42a7-9fd4-899de9edf461/work/GNU_LANG/ft32-elf/lib/libsim.a(sim-close.o)
                                 0x98 (size before relaxing)
 .debug_str     0x000012c2       0x23 /media/ca850f52-0605-42a7-9fd4-899de9edf461/work/GNU_LANG/ft32-elf/lib/libsim.a(sim-lseek.o)
                                0x15b (size before relaxing)
 .debug_str     0x000012e5       0x22 /media/ca850f52-0605-42a7-9fd4-899de9edf461/work/GNU_LANG/ft32-elf/lib/libsim.a(sim-read.o)
                                 0x97 (size before relaxing)
 .debug_str     0x00001307       0x23 /media/ca850f52-0605-42a7-9fd4-899de9edf461/work/GNU_LANG/ft32-elf/lib/libsim.a(sim-write.o)
                                 0x98 (size before relaxing)
 .debug_str     0x0000132a       0x9b /media/ca850f52-0605-42a7-9fd4-899de9edf461/work/GNU_LANG/ft32-elf/lib/libg.a(lib_a-errno.o)
                                0x51f (size before relaxing)

.debug_frame    0x00000000      0x970
 .debug_frame   0x00000000       0x2c hello.o
 .debug_frame   0x0000002c       0x44 /media/ca850f52-0605-42a7-9fd4-899de9edf461/work/GNU_LANG/ft32-elf/lib/libc.a(lib_a-puts.o)
 .debug_frame   0x00000070       0x2c /media/ca850f52-0605-42a7-9fd4-899de9edf461/work/GNU_LANG/ft32-elf/lib/libc.a(lib_a-strlen.o)
 .debug_frame   0x0000009c      0x1b4 /media/ca850f52-0605-42a7-9fd4-899de9edf461/work/GNU_LANG/ft32-elf/lib/libc.a(lib_a-findfp.o)
 .debug_frame   0x00000250       0x6c /media/ca850f52-0605-42a7-9fd4-899de9edf461/work/GNU_LANG/ft32-elf/lib/libc.a(lib_a-fvwrite.o)
 .debug_frame   0x000002bc       0x9c /media/ca850f52-0605-42a7-9fd4-899de9edf461/work/GNU_LANG/ft32-elf/lib/libc.a(lib_a-fwalk.o)
 .debug_frame   0x00000358       0x44 /media/ca850f52-0605-42a7-9fd4-899de9edf461/work/GNU_LANG/ft32-elf/lib/libc.a(lib_a-mallocr.o)
 .debug_frame   0x0000039c       0x2c /media/ca850f52-0605-42a7-9fd4-899de9edf461/work/GNU_LANG/ft32-elf/lib/libc.a(lib_a-memchr.o)
 .debug_frame   0x000003c8       0x2c /media/ca850f52-0605-42a7-9fd4-899de9edf461/work/GNU_LANG/ft32-elf/lib/libc.a(lib_a-memcpy.o)
 .debug_frame   0x000003f4       0x2c /media/ca850f52-0605-42a7-9fd4-899de9edf461/work/GNU_LANG/ft32-elf/lib/libc.a(lib_a-memmove.o)
 .debug_frame   0x00000420       0x2c /media/ca850f52-0605-42a7-9fd4-899de9edf461/work/GNU_LANG/ft32-elf/lib/libc.a(lib_a-memset.o)
 .debug_frame   0x0000044c       0x44 /media/ca850f52-0605-42a7-9fd4-899de9edf461/work/GNU_LANG/ft32-elf/lib/libc.a(lib_a-mlock.o)
 .debug_frame   0x00000490       0x2c /media/ca850f52-0605-42a7-9fd4-899de9edf461/work/GNU_LANG/ft32-elf/lib/libc.a(lib_a-reallocr.o)
 .debug_frame   0x000004bc       0x2c /media/ca850f52-0605-42a7-9fd4-899de9edf461/work/GNU_LANG/ft32-elf/lib/libc.a(lib_a-sbrkr.o)
 .debug_frame   0x000004e8       0xbc /media/ca850f52-0605-42a7-9fd4-899de9edf461/work/GNU_LANG/ft32-elf/lib/libc.a(lib_a-stdio.o)
 .debug_frame   0x000005a4       0x2c /media/ca850f52-0605-42a7-9fd4-899de9edf461/work/GNU_LANG/ft32-elf/lib/libc.a(lib_a-writer.o)
 .debug_frame   0x000005d0       0x34 /media/ca850f52-0605-42a7-9fd4-899de9edf461/work/GNU_LANG/ft32-elf/lib/libc.a(lib_a-wsetup.o)
 .debug_frame   0x00000604       0x2c /media/ca850f52-0605-42a7-9fd4-899de9edf461/work/GNU_LANG/ft32-elf/lib/libc.a(lib_a-closer.o)
 .debug_frame   0x00000630       0x4c /media/ca850f52-0605-42a7-9fd4-899de9edf461/work/GNU_LANG/ft32-elf/lib/libc.a(lib_a-fclose.o)
 .debug_frame   0x0000067c       0x88 /media/ca850f52-0605-42a7-9fd4-899de9edf461/work/GNU_LANG/ft32-elf/lib/libc.a(lib_a-fflush.o)
 .debug_frame   0x00000704       0x44 /media/ca850f52-0605-42a7-9fd4-899de9edf461/work/GNU_LANG/ft32-elf/lib/libc.a(lib_a-freer.o)
 .debug_frame   0x00000748       0x2c /media/ca850f52-0605-42a7-9fd4-899de9edf461/work/GNU_LANG/ft32-elf/lib/libc.a(lib_a-lseekr.o)
 .debug_frame   0x00000774       0x58 /media/ca850f52-0605-42a7-9fd4-899de9edf461/work/GNU_LANG/ft32-elf/lib/libc.a(lib_a-makebuf.o)
 .debug_frame   0x000007cc       0x2c /media/ca850f52-0605-42a7-9fd4-899de9edf461/work/GNU_LANG/ft32-elf/lib/libc.a(lib_a-readr.o)
 .debug_frame   0x000007f8       0x44 /media/ca850f52-0605-42a7-9fd4-899de9edf461/work/GNU_LANG/ft32-elf/lib/libc.a(lib_a-reent.o)
 .debug_frame   0x0000083c       0x2c /media/ca850f52-0605-42a7-9fd4-899de9edf461/work/GNU_LANG/ft32-elf/lib/libc.a(lib_a-fstatr.o)
 .debug_frame   0x00000868       0x2c /media/ca850f52-0605-42a7-9fd4-899de9edf461/work/GNU_LANG/ft32-elf/lib/libc.a(lib_a-isattyr.o)
 .debug_frame   0x00000894       0x2c /media/ca850f52-0605-42a7-9fd4-899de9edf461/work/GNU_LANG/ft32-elf/lib/libsim.a(fstat.o)
 .debug_frame   0x000008c0       0x2c /media/ca850f52-0605-42a7-9fd4-899de9edf461/work/GNU_LANG/ft32-elf/lib/libsim.a(isatty.o)
 .debug_frame   0x000008ec       0x2c /media/ca850f52-0605-42a7-9fd4-899de9edf461/work/GNU_LANG/ft32-elf/lib/libsim.a(sbrk.o)
 .debug_frame   0x00000918       0x2c /media/ca850f52-0605-42a7-9fd4-899de9edf461/work/GNU_LANG/ft32-elf/lib/libsim.a(sim-lseek.o)
 .debug_frame   0x00000944       0x2c /media/ca850f52-0605-42a7-9fd4-899de9edf461/work/GNU_LANG/ft32-elf/lib/libg.a(lib_a-errno.o)

.comment        0x00000000       0x12
 .comment       0x00000000       0x12 hello.o
                                 0x13 (size before relaxing)
 .comment       0x00000012       0x13 /media/ca850f52-0605-42a7-9fd4-899de9edf461/work/GNU_LANG/ft32-elf/lib/libc.a(lib_a-puts.o)
 .comment       0x00000012       0x13 /media/ca850f52-0605-42a7-9fd4-899de9edf461/work/GNU_LANG/ft32-elf/lib/libc.a(lib_a-strlen.o)
 .comment       0x00000012       0x13 /media/ca850f52-0605-42a7-9fd4-899de9edf461/work/GNU_LANG/ft32-elf/lib/libc.a(lib_a-findfp.o)
 .comment       0x00000012       0x13 /media/ca850f52-0605-42a7-9fd4-899de9edf461/work/GNU_LANG/ft32-elf/lib/libc.a(lib_a-fvwrite.o)
 .comment       0x00000012       0x13 /media/ca850f52-0605-42a7-9fd4-899de9edf461/work/GNU_LANG/ft32-elf/lib/libc.a(lib_a-fwalk.o)
 .comment       0x00000012       0x13 /media/ca850f52-0605-42a7-9fd4-899de9edf461/work/GNU_LANG/ft32-elf/lib/libc.a(lib_a-impure.o)
 .comment       0x00000012       0x13 /media/ca850f52-0605-42a7-9fd4-899de9edf461/work/GNU_LANG/ft32-elf/lib/libc.a(lib_a-mallocr.o)
 .comment       0x00000012       0x13 /media/ca850f52-0605-42a7-9fd4-899de9edf461/work/GNU_LANG/ft32-elf/lib/libc.a(lib_a-memchr.o)
 .comment       0x00000012       0x13 /media/ca850f52-0605-42a7-9fd4-899de9edf461/work/GNU_LANG/ft32-elf/lib/libc.a(lib_a-memcpy.o)
 .comment       0x00000012       0x13 /media/ca850f52-0605-42a7-9fd4-899de9edf461/work/GNU_LANG/ft32-elf/lib/libc.a(lib_a-memmove.o)
 .comment       0x00000012       0x13 /media/ca850f52-0605-42a7-9fd4-899de9edf461/work/GNU_LANG/ft32-elf/lib/libc.a(lib_a-memset.o)
 .comment       0x00000012       0x13 /media/ca850f52-0605-42a7-9fd4-899de9edf461/work/GNU_LANG/ft32-elf/lib/libc.a(lib_a-mlock.o)
 .comment       0x00000012       0x13 /media/ca850f52-0605-42a7-9fd4-899de9edf461/work/GNU_LANG/ft32-elf/lib/libc.a(lib_a-reallocr.o)
 .comment       0x00000012       0x13 /media/ca850f52-0605-42a7-9fd4-899de9edf461/work/GNU_LANG/ft32-elf/lib/libc.a(lib_a-sbrkr.o)
 .comment       0x00000012       0x13 /media/ca850f52-0605-42a7-9fd4-899de9edf461/work/GNU_LANG/ft32-elf/lib/libc.a(lib_a-stdio.o)
 .comment       0x00000012       0x13 /media/ca850f52-0605-42a7-9fd4-899de9edf461/work/GNU_LANG/ft32-elf/lib/libc.a(lib_a-writer.o)
 .comment       0x00000012       0x13 /media/ca850f52-0605-42a7-9fd4-899de9edf461/work/GNU_LANG/ft32-elf/lib/libc.a(lib_a-wsetup.o)
 .comment       0x00000012       0x13 /media/ca850f52-0605-42a7-9fd4-899de9edf461/work/GNU_LANG/ft32-elf/lib/libc.a(lib_a-closer.o)
 .comment       0x00000012       0x13 /media/ca850f52-0605-42a7-9fd4-899de9edf461/work/GNU_LANG/ft32-elf/lib/libc.a(lib_a-fclose.o)
 .comment       0x00000012       0x13 /media/ca850f52-0605-42a7-9fd4-899de9edf461/work/GNU_LANG/ft32-elf/lib/libc.a(lib_a-fflush.o)
 .comment       0x00000012       0x13 /media/ca850f52-0605-42a7-9fd4-899de9edf461/work/GNU_LANG/ft32-elf/lib/libc.a(lib_a-freer.o)
 .comment       0x00000012       0x13 /media/ca850f52-0605-42a7-9fd4-899de9edf461/work/GNU_LANG/ft32-elf/lib/libc.a(lib_a-lseekr.o)
 .comment       0x00000012       0x13 /media/ca850f52-0605-42a7-9fd4-899de9edf461/work/GNU_LANG/ft32-elf/lib/libc.a(lib_a-makebuf.o)
 .comment       0x00000012       0x13 /media/ca850f52-0605-42a7-9fd4-899de9edf461/work/GNU_LANG/ft32-elf/lib/libc.a(lib_a-readr.o)
 .comment       0x00000012       0x13 /media/ca850f52-0605-42a7-9fd4-899de9edf461/work/GNU_LANG/ft32-elf/lib/libc.a(lib_a-reent.o)
 .comment       0x00000012       0x13 /media/ca850f52-0605-42a7-9fd4-899de9edf461/work/GNU_LANG/ft32-elf/lib/libc.a(lib_a-fstatr.o)
 .comment       0x00000012       0x13 /media/ca850f52-0605-42a7-9fd4-899de9edf461/work/GNU_LANG/ft32-elf/lib/libc.a(lib_a-isattyr.o)
 .comment       0x00000012       0x13 /media/ca850f52-0605-42a7-9fd4-899de9edf461/work/GNU_LANG/ft32-elf/lib/libsim.a(fstat.o)
 .comment       0x00000012       0x13 /media/ca850f52-0605-42a7-9fd4-899de9edf461/work/GNU_LANG/ft32-elf/lib/libsim.a(isatty.o)
 .comment       0x00000012       0x13 /media/ca850f52-0605-42a7-9fd4-899de9edf461/work/GNU_LANG/ft32-elf/lib/libsim.a(sbrk.o)
 .comment       0x00000012       0x13 /media/ca850f52-0605-42a7-9fd4-899de9edf461/work/GNU_LANG/ft32-elf/lib/libsim.a(sim-lseek.o)
 .comment       0x00000012       0x13 /media/ca850f52-0605-42a7-9fd4-899de9edf461/work/GNU_LANG/ft32-elf/lib/libg.a(lib_a-errno.o)

.debug_ranges   0x00000000       0x30
 .debug_ranges  0x00000000       0x30 /media/ca850f52-0605-42a7-9fd4-899de9edf461/work/GNU_LANG/ft32-elf/lib/libc.a(lib_a-reallocr.o)
